22:51:49 **** Incremental Build of configuration Debug for project src1 ****
make -j24 all 
arm-none-eabi-gcc "../Core/Src/main.c" -mcpu=cortex-m0 -std=gnu11 -g3 -DDEBUG -DUSE_HAL_DRIVER -DSTM32F042x6 -c -I../Core/Inc -I../Drivers/STM32F0xx_HAL_Driver/Inc -I../Drivers/STM32F0xx_HAL_Driver/Inc/Legacy -I../Drivers/CMSIS/Device/ST/STM32F0xx/Include -I../Drivers/CMSIS/Include -O0 -ffunction-sections -fdata-sections -Wall -fstack-usage -fcyclomatic-complexity -MMD -MP -MF"Core/Src/main.d" -MT"Core/Src/main.o" --specs=nano.specs -mfloat-abi=soft -mthumb -o "Core/Src/main.o"
arm-none-eabi-gcc -o "src1.elf" @"objects.list"   -mcpu=cortex-m0 -T"D:\Software Engineering\Git\repo\XCD\src1\STM32F042K6TX_FLASH.ld" --specs=nosys.specs -Wl,-Map="src1.map" -Wl,--gc-sections -static --specs=nano.specs -mfloat-abi=soft -mthumb -Wl,--start-group -lc -lm -Wl,--end-group
Finished building target: src1.elf
 
arm-none-eabi-size  src1.elf 
arm-none-eabi-objdump -h -S src1.elf  > "src1.list"
   text	   data	    bss	    dec	    hex	filename
   7772	     12	   1708	   9492	   2514	src1.elf
Finished building: default.size.stdout
 
Finished building: src1.list
 
22:51:57 **** Incremental Build of configuration Debug for project src1 ****
make -j24 all 
arm-none-eabi-size  src1.elf 
   text	   data	    bss	    dec	    hex	filename
   7772	     12	   1708	   9492	   2514	src1.elf
Finished building: default.size.stdout
 
