19:55:56 **** Incremental Build of configuration Debug for project src ****
make -j24 all 
arm-none-eabi-gcc "../Core/Src/main.c" -mcpu=cortex-m0 -std=gnu11 -g3 -DDEBUG -DUSE_HAL_DRIVER -DSTM32F042x6 -c -I../Core/Inc -I../Drivers/STM32F0xx_HAL_Driver/Inc -I../Drivers/STM32F0xx_HAL_Driver/Inc/Legacy -I../Drivers/CMSIS/Device/ST/STM32F0xx/Include -I../Drivers/CMSIS/Include -O0 -ffunction-sections -fdata-sections -Wall -fstack-usage -fcyclomatic-complexity -MMD -MP -MF"Core/Src/main.d" -MT"Core/Src/main.o" --specs=nano.specs -mfloat-abi=soft -mthumb -o "Core/Src/main.o"
arm-none-eabi-gcc -o "src.elf" @"objects.list"   -mcpu=cortex-m0 -T"D:\Software Engineering\Git\repo\XCD\src\STM32F042K6TX_FLASH.ld" --specs=nosys.specs -Wl,-Map="src.map" -Wl,--gc-sections -static --specs=nano.specs -mfloat-abi=soft -mthumb -Wl,--start-group -lc -lm -Wl,--end-group
Finished building target: src.elf
 
arm-none-eabi-size  src.elf 
arm-none-eabi-objdump -h -S src.elf  > "src.list"
   text	   data	    bss	    dec	    hex	filename
   7392	     12	   1708	   9112	   2398	src.elf
Finished building: default.size.stdout
 
Finished building: src.list
 

19:55:56 Build Finished. 0 errors, 0 warnings. (took 646ms)

